org/nuxeo/coldstorage/action/CheckColdStorageAvailabilityAction$CheckColdStorageAvailabilityComputation.class
org/nuxeo/coldstorage/ColdStorageConstants.class
org/nuxeo/coldstorage/operations/RequestRetrievalFromColdStorage.class
org/nuxeo/coldstorage/ColdStorageHelper.class
org/nuxeo/coldstorage/operations/MoveToColdStorage.class
org/nuxeo/coldstorage/service/ColdStorageServiceImpl.class
org/nuxeo/coldstorage/events/PreventColdStorageUpdateListener.class
org/nuxeo/coldstorage/operations/RestoreFromColdStorage.class
org/nuxeo/coldstorage/action/PropagateRestoreFromColdStorageContentAction$PropagateRestoreFromColdStorageContentComputation.class
org/nuxeo/coldstorage/action/PropagateRestoreFromColdStorageContentAction.class
org/nuxeo/coldstorage/ColdStorageRenditionDescriptor.class
org/nuxeo/coldstorage/action/PropagateMoveToColdStorageContentAction.class
org/nuxeo/coldstorage/ColdStorageConstants$ColdStorageContentStatus.class
org/nuxeo/coldstorage/action/PropagateMoveToColdStorageContentAction$PropagateMoveToColdStorageContentComputation.class
org/nuxeo/coldstorage/events/CheckAlreadyInColdStorageListener.class
org/nuxeo/coldstorage/events/CheckColdStorageContentAvailabilityListener.class
org/nuxeo/coldstorage/action/MoveToColdStorageContentAction$MoveToColdStorageContentComputation.class
org/nuxeo/coldstorage/service/ColdStorageService.class
org/nuxeo/coldstorage/action/MoveToColdStorageContentAction.class
org/nuxeo/coldstorage/action/CheckColdStorageAvailabilityAction.class
org/nuxeo/coldstorage/events/DownloadColdDocumentListener.class
